// Jest Snapshot v1, https://goo.gl/fbAQLP

exports[`MainComponent User is not authorized renders category cards with data from store 1`] = `
<div
  class="main_categories"
>
  <div
    class="main_header"
    fxlayoutalign="space-between center"
  >
    <h3>
      Найпопулярніші напрямки
    </h3>
    <a
      class="main_link"
      routerlink="/result"
    >
       Переглянути всі 
      <span
        class="material-icons arrow"
      >
        arrow_forward
      </span>
    </a>
  </div>
  <div
    class="categories-wrapper"
    fxlayout="row"
    fxlayoutalign="space-between"
    fxlayoutgap="1.5rem grid"
  >
    
    <app-category-card>
      <mat-card
        class="category"
      >
        <img
          alt="Category card title"
          class="icon"
          src="iconUrl"
        />
        <div
          class="details"
        >
          <h3
            class="title"
          >
            Category card title
          </h3>
          <div
            class="link"
          >
            <a
              routerlink="/result"
            >
               254 гуртки 
              <span
                class="material-icons arrow"
              >
                arrow_forward
              </span>
            </a>
          </div>
        </div>
      </mat-card>
    </app-category-card>
  </div>
</div>
`;

exports[`MainComponent User is not authorized renders org cards with data from store 1`] = `
<div
  class="main_cards"
>
  <div
    class="main_header"
    fxlayoutalign="space-between center"
  >
    <h3>
      Найпопулярніші гуртки
    </h3>
    <a
      class="main_link"
      routerlink="/result"
    >
       Переглянути всі 
      <span
        class="material-icons arrow"
      >
        arrow_forward
      </span>
    </a>
  </div>
  <div
    class="cards"
    fxlayout="row wrap"
    fxlayoutalign="space-between center"
  >
    
    
    <app-organization-card>
      <div
        class="card"
      >
        <div
          class="card_header"
        >
          <img
            alt="A,B"
            class="card_image"
            src="assets/icons/A,B_bg.png"
          />
          <button
            class="card_favorite"
          >
            <img
              alt="favorite"
              src="assets/icons/favorite.png"
            />
          </button>
          <a
            class="card_category"
            href="#"
          >
            <img
              alt="A,B"
              class="card_category-img"
              src="assets/icons/A,B.png"
            />
          </a>
        </div>
        <div
          class="card_body"
        >
          <h3
            class="card_title"
          >
             Org card title 
          </h3>
          <ul
            class="card_data"
          >
            <li
              class="card_data-item"
            >
              <img
                alt="rate"
                class="card_data-icon"
                src="assets/icons/rate.png"
              />
               5 
              <span
                class="card_rate-span"
              >
                (10)
              </span>
            </li>
            <li
              class="card_data-item"
            >
              <img
                alt="name"
                class="card_data-icon"
                src="assets/icons/name.png"
              />
              <a
                class="card_owner"
                href="#"
              >
                 owner 
              </a>
            </li>
            <li
              class="card_data-item"
            >
              <img
                alt="age"
                class="card_data-icon"
                src="assets/icons/age.png"
              />
               5-8 
            </li>
            <li
              class="card_data-item"
            >
              <img
                alt="price"
                class="card_data-icon"
                src="assets/icons/price.png"
              />
               20 
            </li>
            <li
              class="card_data-item"
            >
              <img
                alt="address"
                class="card_data-icon"
                src="assets/icons/address.png"
              />
               address 
            </li>
            <div
              class="card_footer"
            >
              <a
                class="card_link"
                href="#"
              >
                 Детальніше 
                <span
                  class="material-icons arrow"
                >
                  arrow_forward
                </span>
              </a>
            </div>
          </ul>
        </div>
      </div>
    </app-organization-card>
  </div>
</div>
`;
